// Jest Snapshot v1, https://goo.gl/fbAQLP

exports[`<Header /> renders 1`] = `
<Fragment>
  <Navbar
    collapseOnSelect={false}
    expand={true}
    variant="light"
  >
    <NavbarBrand>
      <p>
        Test Title
      </p>
    </NavbarBrand>
    <NavbarToggle
      label="Toggle navigation"
    />
    <NavbarCollapse
      className="justify-content-end"
    >
      <Button
        active={false}
        disabled={false}
        id="refresh-rss"
        onClick={[MockFunction]}
        type="button"
        variant="primary"
      >
        Update Feed
      </Button>
    </NavbarCollapse>
  </Navbar>
</Fragment>
`;
